namespace  Application -> vybe:gui
namespace  Array -> ecma:array
namespace  Console -> wasi:cli
namespace  Directory -> wasi:filesystem
namespace  Environment -> wasi:cli
namespace  File -> wasi:filesystem
namespace  Math -> ecma:math
namespace  MessageBox -> vybe:gui
namespace  Object -> ecma:object
namespace  Path -> wasi:filesystem
namespace  String -> ecma:string
treemount  System -> dotnet.system
