namespace  Directory -> wasi:filesystem
namespace  File -> wasi:filesystem
namespace  JSON -> ecma:json
namespace  Map -> ecma:map
namespace  Math -> ecma:math
namespace  RegExp -> ecma:regexp
namespace  Set -> ecma:set
namespace  Stopwatch -> wasi:clocks/monotonic-clock
namespace  base64 -> web:encoding
namespace  http -> wasi:http
namespace  json -> ecma:json
namespace  math -> ecma:math
namespace  utf8 -> web:encoding
