namespace  Array -> ecma:array
namespace  Atomics -> ecma:atomics
namespace  BigInt -> ecma:bigint
namespace  Date -> ecma:date
namespace  FinalizationRegistry -> ecma:finalization-registry
namespace  Headers -> web:fetch
namespace  Intl -> ecma:intl
namespace  Iterator -> ecma:iterator
namespace  JSON -> ecma:json
namespace  Map -> ecma:map
namespace  Math -> ecma:math
namespace  Number -> ecma:number
namespace  Object -> ecma:object
namespace  Promise -> ecma:promise
namespace  Proxy -> ecma:proxy
namespace  Reflect -> ecma:reflect
namespace  RegExp -> ecma:regexp
namespace  Request -> web:fetch
namespace  Response -> web:fetch
namespace  Set -> ecma:set
namespace  String -> ecma:string
namespace  Symbol -> ecma:symbol
namespace  TextDecoder -> web:encoding
namespace  TextEncoder -> web:encoding
namespace  URL -> web:url
namespace  URLSearchParams -> web:url
namespace  WeakMap -> ecma:weakmap
namespace  WeakRef -> ecma:weakref
namespace  WeakSet -> ecma:weakset
namespace  child_process -> node:child_process
namespace  clock -> wasi:clocks/system-clock
namespace  console -> wasi:cli
namespace  crypto -> node:crypto
namespace  db -> wasi:sql
namespace  dgram -> wasi:sockets/udp
namespace  env -> wasi:cli
namespace  fs -> wasi:filesystem
namespace  gui -> vybe:gui
namespace  http -> wasi:http
namespace  https -> wasi:http
namespace  net -> wasi:sockets/tcp
namespace  os -> wasi:cli
namespace  path -> wasi:filesystem
namespace  random -> wasi:random/random
namespace  tls -> wasi:sockets/tcp
namespace  url -> web:url
namespace  xml -> web:dom-parser
namespace  xml2js -> web:dom-parser
package    vybe -> vybe:
package    wasi -> wasi:
package    wasm -> wasm:
